Loading data ...
Forcing: 4300 pts  f in [0.000, 999.987]
COMSOL: 41 samples  v0=[0.0, 20.0]  u in [-0.000, 25.974]

Device: cpu  |  params: 50,113
Branch: 1 -> [64, 64] -> 128
Trunk:  34 -> [128, 128] -> 128  (Fourier n=8)
Resumed weights from: /home/aditya/dev/btp/output_v0_run1/model_best.pth
Points  x=0:58  x=1:58  Neumann:112  Interior:4072  Sum:4300

============================================================
 Training  |  41 samples  |  10000 epochs
 w_res=1.0  w_d=500.0  w_neu=10.0  S=20.0
 warmup=0  lr=0.001  v0_zero_weight=3.0
============================================================

Epoch     1/10000 | loss=7.4879e+01  res=2.8332e+01  d0=6.3095e-02  d1=2.8339e-02  neu=8.3113e-02  w_res=1.000  lr=1.00e-03  time=0.0min
Epoch    50/10000 | loss=4.0460e+02  res=3.7865e+02  d0=3.3619e-02  d1=1.6274e-02  neu=1.0081e-01  w_res=1.000  lr=1.00e-03  time=2.2min
Epoch   100/10000 | loss=3.6586e+02  res=3.3386e+02  d0=4.3701e-02  d1=1.6994e-02  neu=1.6494e-01  w_res=1.000  lr=1.00e-03  time=4.4min
Epoch   150/10000 | loss=4.5624e+02  res=3.9946e+02  d0=8.9374e-02  d1=1.1509e-02  neu=6.3403e-01  w_res=1.000  lr=9.99e-04  time=6.6min
Epoch   200/10000 | loss=1.2849e+02  res=8.5105e+01  d0=7.3899e-02  d1=1.0590e-02  neu=1.1439e-01  w_res=1.000  lr=9.99e-04  time=8.9min
Epoch   250/10000 | loss=2.4513e+02  res=2.2565e+02  d0=2.0438e-02  d1=1.6899e-02  neu=8.1530e-02  w_res=1.000  lr=9.98e-04  time=11.1min
Epoch   300/10000 | loss=1.8600e+02  res=1.6930e+02  d0=2.2840e-02  d1=8.6465e-03  neu=9.5383e-02  w_res=1.000  lr=9.98e-04  time=13.3min
Epoch   350/10000 | loss=2.3927e+02  res=2.2649e+02  d0=1.5392e-02  d1=8.2650e-03  neu=9.4625e-02  w_res=1.000  lr=9.97e-04  time=15.5min
Epoch   400/10000 | loss=1.9929e+02  res=1.8716e+02  d0=1.4130e-02  d1=8.4589e-03  neu=8.3496e-02  w_res=1.000  lr=9.96e-04  time=17.7min
Epoch   450/10000 | loss=3.2818e+02  res=2.2878e+02  d0=1.8503e-01  d1=9.6178e-03  neu=2.0770e-01  w_res=1.000  lr=9.95e-04  time=19.9min
Epoch   500/10000 | loss=2.3272e+02  res=2.0538e+02  d0=3.3915e-02  d1=1.9229e-02  neu=7.6871e-02  w_res=1.000  lr=9.94e-04  time=22.1min
Epoch   550/10000 | loss=2.0681e+02  res=1.6680e+02  d0=7.3042e-02  d1=5.4997e-03  neu=7.4443e-02  w_res=1.000  lr=9.93e-04  time=24.3min
Epoch   600/10000 | loss=2.6185e+02  res=2.3817e+02  d0=3.7296e-02  d1=8.1449e-03  neu=9.5990e-02  w_res=1.000  lr=9.91e-04  time=26.5min
Epoch   650/10000 | loss=1.8020e+02  res=1.6862e+02  d0=1.6037e-02  d1=5.6978e-03  neu=7.1265e-02  w_res=1.000  lr=9.90e-04  time=28.7min
Epoch   700/10000 | loss=3.1576e+02  res=2.8335e+02  d0=5.8207e-02  d1=5.2808e-03  neu=6.6662e-02  w_res=1.000  lr=9.88e-04  time=30.9min
Epoch   750/10000 | loss=2.8043e+02  res=2.6188e+02  d0=3.0362e-02  d1=5.1729e-03  neu=7.7670e-02  w_res=1.000  lr=9.86e-04  time=33.1min
Epoch   800/10000 | loss=1.3822e+02  res=1.2849e+02  d0=1.3478e-02  d1=4.7669e-03  neu=6.0496e-02  w_res=1.000  lr=9.84e-04  time=35.3min
Epoch   850/10000 | loss=1.0362e+02  res=9.7030e+01  d0=7.2284e-03  d1=4.4213e-03  neu=7.6836e-02  w_res=1.000  lr=9.82e-04  time=37.5min
Epoch   900/10000 | loss=3.4209e+02  res=3.2667e+02  d0=1.6780e-02  d1=1.2492e-02  neu=7.8830e-02  w_res=1.000  lr=9.80e-04  time=39.7min
Epoch   950/10000 | loss=2.3258e+02  res=2.2682e+02  d0=5.4501e-03  d1=4.7035e-03  neu=6.8440e-02  w_res=1.000  lr=9.78e-04  time=41.9min
Epoch  1000/10000 | loss=2.1423e+02  res=2.0950e+02  d0=4.7888e-03  d1=3.5626e-03  neu=5.6124e-02  w_res=1.000  lr=9.76e-04  time=44.1min
Epoch  1050/10000 | loss=1.8908e+02  res=1.7977e+02  d0=1.3861e-02  d1=3.4057e-03  neu=6.7435e-02  w_res=1.000  lr=9.73e-04  time=46.3min
Epoch  1100/10000 | loss=8.8302e+02  res=7.7002e+02  d0=2.0944e-01  d1=1.4978e-02  neu=7.9250e-02  w_res=1.000  lr=9.70e-04  time=48.5min
Epoch  1150/10000 | loss=4.4906e+02  res=3.7774e+02  d0=1.1549e-01  d1=2.5313e-02  neu=9.2186e-02  w_res=1.000  lr=9.68e-04  time=50.7min
Epoch  1200/10000 | loss=1.9364e+02  res=1.6803e+02  d0=3.6146e-02  d1=1.3988e-02  neu=5.4064e-02  w_res=1.000  lr=9.65e-04  time=52.9min
Epoch  1250/10000 | loss=1.5981e+02  res=1.2213e+02  d0=4.9095e-02  d1=2.5019e-02  neu=6.2319e-02  w_res=1.000  lr=9.62e-04  time=55.1min
Epoch  1300/10000 | loss=2.0096e+02  res=1.9275e+02  d0=5.1312e-03  d1=9.7439e-03  neu=7.6356e-02  w_res=1.000  lr=9.59e-04  time=57.3min
Epoch  1350/10000 | loss=1.6223e+02  res=1.2611e+02  d0=6.8393e-02  d1=2.8188e-03  neu=5.1572e-02  w_res=1.000  lr=9.56e-04  time=59.5min
Epoch  1400/10000 | loss=1.3489e+02  res=1.2243e+02  d0=1.6110e-02  d1=7.8091e-03  neu=5.0457e-02  w_res=1.000  lr=9.52e-04  time=61.8min
Epoch  1450/10000 | loss=2.0508e+02  res=1.3545e+02  d0=1.2219e-01  d1=1.6053e-02  neu=5.0437e-02  w_res=1.000  lr=9.49e-04  time=64.0min
Epoch  1500/10000 | loss=2.3435e+02  res=2.1175e+02  d0=2.3314e-02  d1=2.0916e-02  neu=4.8849e-02  w_res=1.000  lr=9.46e-04  time=66.2min
Epoch  1550/10000 | loss=1.7061e+02  res=1.5839e+02  d0=2.0338e-02  d1=2.8184e-03  neu=6.4875e-02  w_res=1.000  lr=9.42e-04  time=68.4min
Epoch  1600/10000 | loss=8.5557e+01  res=4.2354e+01  d0=8.2749e-02  d1=2.7386e-03  neu=4.5873e-02  w_res=1.000  lr=9.38e-04  time=70.6min
Epoch  1650/10000 | loss=3.3086e+02  res=3.1417e+02  d0=8.4929e-03  d1=2.3215e-02  neu=8.4064e-02  w_res=1.000  lr=9.34e-04  time=72.8min
Epoch  1700/10000 | loss=1.9758e+02  res=1.9083e+02  d0=7.8075e-03  d1=3.7385e-03  neu=9.8414e-02  w_res=1.000  lr=9.30e-04  time=75.0min
Epoch  1750/10000 | loss=2.6658e+02  res=2.6293e+02  d0=3.4329e-03  d1=2.0914e-03  neu=8.8455e-02  w_res=1.000  lr=9.26e-04  time=77.2min
Epoch  1800/10000 | loss=1.7163e+02  res=1.6560e+02  d0=3.7254e-03  d1=7.4148e-03  neu=4.6280e-02  w_res=1.000  lr=9.22e-04  time=79.4min
Epoch  1850/10000 | loss=1.3126e+02  res=1.2656e+02  d0=6.8553e-03  d1=1.6833e-03  neu=4.2857e-02  w_res=1.000  lr=9.18e-04  time=81.6min
Epoch  1900/10000 | loss=1.2663e+02  res=1.2328e+02  d0=2.3422e-03  d1=3.4885e-03  neu=4.2945e-02  w_res=1.000  lr=9.14e-04  time=83.8min
Epoch  1950/10000 | loss=1.1410e+02  res=1.1121e+02  d0=2.5639e-03  d1=2.3587e-03  neu=4.2295e-02  w_res=1.000  lr=9.09e-04  time=86.0min
Epoch  2000/10000 | loss=1.2143e+02  res=1.0919e+02  d0=1.8227e-02  d1=5.4543e-03  neu=4.0045e-02  w_res=1.000  lr=9.05e-04  time=88.2min
Epoch  2050/10000 | loss=1.1042e+02  res=9.4545e+01  d0=2.6994e-02  d1=3.9034e-03  neu=4.2170e-02  w_res=1.000  lr=9.00e-04  time=90.4min
Epoch  2100/10000 | loss=1.5333e+02  res=8.8628e+01  d0=1.1274e-01  d1=1.5887e-02  neu=3.8337e-02  w_res=1.000  lr=8.95e-04  time=92.6min
Epoch  2150/10000 | loss=1.8366e+02  res=1.2828e+02  d0=9.1593e-02  d1=1.7990e-02  neu=5.8746e-02  w_res=1.000  lr=8.90e-04  time=94.8min
Epoch  2200/10000 | loss=5.0369e+02  res=4.6315e+02  d0=2.1503e-02  d1=5.7725e-02  neu=9.2514e-02  w_res=1.000  lr=8.85e-04  time=97.0min
Epoch  2250/10000 | loss=1.9760e+02  res=1.9485e+02  d0=2.7481e-03  d1=1.8386e-03  neu=4.6339e-02  w_res=1.000  lr=8.80e-04  time=99.2min
Epoch  2300/10000 | loss=1.6691e+02  res=1.5363e+02  d0=2.4390e-02  d1=1.3732e-03  neu=3.9786e-02  w_res=1.000  lr=8.75e-04  time=101.4min
Epoch  2350/10000 | loss=1.6745e+02  res=1.6239e+02  d0=7.6955e-03  d1=1.6257e-03  neu=4.0535e-02  w_res=1.000  lr=8.70e-04  time=103.6min
Epoch  2400/10000 | loss=1.4094e+02  res=1.3827e+02  d0=3.1116e-03  d1=1.3697e-03  neu=4.3126e-02  w_res=1.000  lr=8.65e-04  time=105.8min
Epoch  2450/10000 | loss=1.3069e+02  res=1.2795e+02  d0=2.6483e-03  d1=1.9975e-03  neu=4.1790e-02  w_res=1.000  lr=8.59e-04  time=108.0min
Epoch  2500/10000 | loss=1.3768e+02  res=6.3294e+01  d0=1.4602e-01  d1=1.9300e-03  neu=4.1449e-02  w_res=1.000  lr=8.54e-04  time=110.2min
Epoch  2550/10000 | loss=1.4625e+02  res=1.2564e+02  d0=3.1106e-02  d1=9.2239e-03  neu=4.4330e-02  w_res=1.000  lr=8.48e-04  time=112.4min
Epoch  2600/10000 | loss=2.2251e+02  res=2.0155e+02  d0=3.2127e-02  d1=8.9939e-03  neu=4.0319e-02  w_res=1.000  lr=8.42e-04  time=114.6min
Epoch  2650/10000 | loss=1.4179e+02  res=1.2186e+02  d0=3.6776e-02  d1=2.3745e-03  neu=3.5623e-02  w_res=1.000  lr=8.37e-04  time=116.8min
Epoch  2700/10000 | loss=1.0157e+02  res=9.1255e+01  d0=1.7206e-02  d1=2.6196e-03  neu=4.0364e-02  w_res=1.000  lr=8.31e-04  time=119.0min
Epoch  2750/10000 | loss=7.0960e+01  res=6.7796e+01  d0=3.3149e-03  d1=2.1991e-03  neu=4.0747e-02  w_res=1.000  lr=8.25e-04  time=121.2min
Epoch  2800/10000 | loss=1.0852e+02  res=9.0254e+01  d0=2.8900e-02  d1=6.9753e-03  neu=3.2946e-02  w_res=1.000  lr=8.19e-04  time=123.4min
Epoch  2850/10000 | loss=2.0041e+02  res=1.9121e+02  d0=1.3890e-02  d1=3.7043e-03  neu=4.0494e-02  w_res=1.000  lr=8.13e-04  time=125.6min
Epoch  2900/10000 | loss=1.4895e+02  res=1.3509e+02  d0=3.5670e-03  d1=2.2628e-02  neu=7.6575e-02  w_res=1.000  lr=8.07e-04  time=127.8min
Epoch  2950/10000 | loss=6.7586e+01  res=4.9666e+01  d0=2.8803e-02  d1=6.3138e-03  neu=3.6240e-02  w_res=1.000  lr=8.00e-04  time=130.0min
Epoch  3000/10000 | loss=1.0030e+02  res=9.4253e+01  d0=6.0004e-03  d1=5.0552e-03  neu=5.1742e-02  w_res=1.000  lr=7.94e-04  time=132.2min
Epoch  3050/10000 | loss=7.4828e+01  res=6.7557e+01  d0=1.2717e-02  d1=1.1894e-03  neu=3.1838e-02  w_res=1.000  lr=7.88e-04  time=134.4min
Epoch  3100/10000 | loss=6.7036e+01  res=6.0478e+01  d0=1.1530e-02  d1=9.7737e-04  neu=3.0405e-02  w_res=1.000  lr=7.81e-04  time=136.6min
Epoch  3150/10000 | loss=5.9127e+01  res=4.3170e+01  d0=3.0087e-02  d1=1.1760e-03  neu=3.2560e-02  w_res=1.000  lr=7.75e-04  time=138.8min
Epoch  3200/10000 | loss=6.8701e+01  res=2.1491e+01  d0=9.2725e-02  d1=1.1024e-03  neu=2.9655e-02  w_res=1.000  lr=7.68e-04  time=141.0min
Epoch  3250/10000 | loss=1.1986e+02  res=1.1616e+02  d0=3.3082e-03  d1=3.4507e-03  neu=3.2954e-02  w_res=1.000  lr=7.61e-04  time=143.3min
Epoch  3300/10000 | loss=6.7653e+01  res=6.4106e+01  d0=5.2956e-03  d1=1.1288e-03  neu=3.3510e-02  w_res=1.000  lr=7.55e-04  time=145.5min
Epoch  3350/10000 | loss=5.0919e+01  res=4.9084e+01  d0=2.0097e-03  d1=1.0035e-03  neu=3.2794e-02  w_res=1.000  lr=7.48e-04  time=147.7min
Epoch  3400/10000 | loss=4.7194e+01  res=4.5845e+01  d0=1.1768e-03  d1=9.3651e-04  neu=2.9188e-02  w_res=1.000  lr=7.41e-04  time=149.9min
Epoch  3450/10000 | loss=4.1298e+01  res=3.9428e+01  d0=2.1580e-03  d1=9.7571e-04  neu=3.0311e-02  w_res=1.000  lr=7.34e-04  time=152.1min
Epoch  3500/10000 | loss=3.9040e+01  res=3.7180e+01  d0=2.1905e-03  d1=9.6462e-04  neu=2.8212e-02  w_res=1.000  lr=7.27e-04  time=154.3min
Epoch  3550/10000 | loss=5.3697e+01  res=2.6872e+01  d0=5.1435e-02  d1=1.6530e-03  neu=2.8088e-02  w_res=1.000  lr=7.20e-04  time=156.5min
Epoch  3600/10000 | loss=1.3594e+02  res=1.3227e+02  d0=2.2143e-03  d1=3.9650e-03  neu=5.7256e-02  w_res=1.000  lr=7.13e-04  time=158.7min
Epoch  3650/10000 | loss=1.5322e+02  res=1.4616e+02  d0=1.1080e-02  d1=2.3961e-03  neu=3.1843e-02  w_res=1.000  lr=7.06e-04  time=160.9min
Epoch  3700/10000 | loss=8.8020e+01  res=8.6670e+01  d0=9.7179e-04  d1=1.0596e-03  neu=3.3361e-02  w_res=1.000  lr=6.99e-04  time=163.1min
Epoch  3750/10000 | loss=7.0892e+01  res=6.9298e+01  d0=1.7543e-03  d1=8.2876e-04  neu=3.0241e-02  w_res=1.000  lr=6.92e-04  time=165.3min
Epoch  3800/10000 | loss=6.8446e+01  res=6.6977e+01  d0=9.5771e-04  d1=1.3617e-03  neu=3.0960e-02  w_res=1.000  lr=6.84e-04  time=167.5min
Epoch  3850/10000 | loss=6.0617e+01  res=5.9615e+01  d0=6.4150e-04  d1=7.8488e-04  neu=2.8908e-02  w_res=1.000  lr=6.77e-04  time=169.7min
Epoch  3900/10000 | loss=6.0973e+01  res=5.9214e+01  d0=2.0094e-03  d1=8.9488e-04  neu=3.0695e-02  w_res=1.000  lr=6.70e-04  time=171.9min
Epoch  3950/10000 | loss=5.1933e+01  res=5.0996e+01  d0=5.6034e-04  d1=7.7548e-04  neu=2.6918e-02  w_res=1.000  lr=6.62e-04  time=174.1min
Epoch  4000/10000 | loss=4.7949e+01  res=4.6971e+01  d0=5.3301e-04  d1=8.4775e-04  neu=2.8741e-02  w_res=1.000  lr=6.55e-04  time=176.3min
Epoch  4050/10000 | loss=4.3908e+01  res=4.2877e+01  d0=6.7333e-04  d1=8.4830e-04  neu=2.7091e-02  w_res=1.000  lr=6.47e-04  time=178.5min
Epoch  4100/10000 | loss=4.2547e+01  res=4.0415e+01  d0=1.6676e-03  d1=2.0500e-03  neu=2.7265e-02  w_res=1.000  lr=6.40e-04  time=180.7min
Epoch  4150/10000 | loss=5.9328e+01  res=5.0206e+01  d0=6.7456e-03  d1=1.0953e-02  neu=2.7234e-02  w_res=1.000  lr=6.32e-04  time=182.9min
Epoch  4200/10000 | loss=8.7211e+01  res=8.3780e+01  d0=1.0971e-03  d1=5.1854e-03  neu=2.8938e-02  w_res=1.000  lr=6.25e-04  time=185.1min
Epoch  4250/10000 | loss=8.4724e+01  res=5.6151e+01  d0=1.5952e-02  d1=4.0638e-02  neu=2.7817e-02  w_res=1.000  lr=6.17e-04  time=187.3min
Epoch  4300/10000 | loss=7.6817e+01  res=7.2943e+01  d0=5.7867e-03  d1=1.3445e-03  neu=3.0888e-02  w_res=1.000  lr=6.09e-04  time=189.5min
Epoch  4350/10000 | loss=5.6075e+01  res=5.3798e+01  d0=2.7675e-03  d1=1.2904e-03  neu=2.4772e-02  w_res=1.000  lr=6.02e-04  time=191.7min
Epoch  4400/10000 | loss=5.7157e+01  res=5.5123e+01  d0=2.8358e-03  d1=7.2981e-04  neu=2.5031e-02  w_res=1.000  lr=5.94e-04  time=193.9min
Epoch  4450/10000 | loss=4.9784e+01  res=4.8164e+01  d0=1.8821e-03  d1=8.6827e-04  neu=2.4444e-02  w_res=1.000  lr=5.86e-04  time=196.1min
Epoch  4500/10000 | loss=4.5449e+01  res=4.3131e+01  d0=3.4216e-03  d1=6.9141e-04  neu=2.6153e-02  w_res=1.000  lr=5.79e-04  time=198.3min
Epoch  4550/10000 | loss=4.3732e+01  res=4.2709e+01  d0=8.1451e-04  d1=7.5217e-04  neu=2.3988e-02  w_res=1.000  lr=5.71e-04  time=200.5min
Epoch  4600/10000 | loss=3.9614e+01  res=3.6304e+01  d0=5.2765e-03  d1=8.5568e-04  neu=2.4347e-02  w_res=1.000  lr=5.63e-04  time=202.7min
Epoch  4650/10000 | loss=4.4087e+01  res=1.3504e+01  d0=5.9334e-02  d1=1.3803e-03  neu=2.2525e-02  w_res=1.000  lr=5.55e-04  time=205.0min
Epoch  4700/10000 | loss=3.4441e+01  res=1.1736e+01  d0=4.2281e-02  d1=2.6523e-03  neu=2.3820e-02  w_res=1.000  lr=5.48e-04  time=207.2min
Epoch  4750/10000 | loss=2.0254e+01  res=1.6704e+01  d0=1.1061e-03  d1=5.5200e-03  neu=2.3759e-02  w_res=1.000  lr=5.40e-04  time=209.4min
Epoch  4800/10000 | loss=2.6287e+01  res=2.4490e+01  d0=1.0868e-03  d1=1.9423e-03  neu=2.8217e-02  w_res=1.000  lr=5.32e-04  time=211.6min
Epoch  4850/10000 | loss=2.5080e+01  res=2.3209e+01  d0=1.6911e-03  d1=1.5611e-03  neu=2.4479e-02  w_res=1.000  lr=5.24e-04  time=213.8min
Epoch  4900/10000 | loss=2.6358e+01  res=2.4792e+01  d0=1.0354e-03  d1=1.5223e-03  neu=2.8760e-02  w_res=1.000  lr=5.16e-04  time=216.0min
Epoch  4950/10000 | loss=3.4616e+01  res=3.1281e+01  d0=2.8941e-03  d1=3.2892e-03  neu=2.4306e-02  w_res=1.000  lr=5.08e-04  time=218.2min
Epoch  5000/10000 | loss=2.2443e+01  res=2.0418e+01  d0=2.8286e-03  d1=7.7324e-04  neu=2.2348e-02  w_res=1.000  lr=5.01e-04  time=220.4min
Epoch  5050/10000 | loss=4.1969e+01  res=3.8427e+01  d0=6.0572e-03  d1=5.8107e-04  neu=2.2257e-02  w_res=1.000  lr=4.93e-04  time=222.6min
Epoch  5100/10000 | loss=4.3616e+01  res=4.1940e+01  d0=1.8161e-03  d1=8.6586e-04  neu=3.3529e-02  w_res=1.000  lr=4.85e-04  time=224.8min
Epoch  5150/10000 | loss=2.3376e+01  res=2.2483e+01  d0=7.6890e-04  d1=5.7515e-04  neu=2.2042e-02  w_res=1.000  lr=4.77e-04  time=227.0min
Epoch  5200/10000 | loss=2.1047e+01  res=1.9934e+01  d0=1.1024e-03  d1=6.2394e-04  neu=2.5023e-02  w_res=1.000  lr=4.69e-04  time=229.2min
Epoch  5250/10000 | loss=1.8963e+01  res=1.8127e+01  d0=7.0112e-04  d1=5.4255e-04  neu=2.1322e-02  w_res=1.000  lr=4.61e-04  time=231.4min
Epoch  5300/10000 | loss=1.7625e+01  res=1.6903e+01  d0=4.0763e-04  d1=5.9548e-04  neu=2.2067e-02  w_res=1.000  lr=4.53e-04  time=233.6min
Epoch  5350/10000 | loss=1.5728e+01  res=1.5054e+01  d0=4.0291e-04  d1=5.3629e-04  neu=2.0470e-02  w_res=1.000  lr=4.46e-04  time=235.8min
Epoch  5400/10000 | loss=1.5385e+01  res=1.4707e+01  d0=3.2927e-04  d1=5.9358e-04  neu=2.1651e-02  w_res=1.000  lr=4.38e-04  time=238.0min
Epoch  5450/10000 | loss=1.3253e+01  res=1.2513e+01  d0=5.4710e-04  d1=5.3112e-04  neu=2.0132e-02  w_res=1.000  lr=4.30e-04  time=240.2min
Epoch  5500/10000 | loss=5.1219e+01  res=4.7428e+01  d0=6.2551e-03  d1=9.2422e-04  neu=2.0125e-02  w_res=1.000  lr=4.22e-04  time=242.4min
Epoch  5550/10000 | loss=3.0186e+01  res=2.8622e+01  d0=2.1494e-03  d1=5.4561e-04  neu=2.1653e-02  w_res=1.000  lr=4.15e-04  time=244.6min
Epoch  5600/10000 | loss=2.8711e+01  res=2.7350e+01  d0=1.7647e-03  d1=5.4663e-04  neu=2.0533e-02  w_res=1.000  lr=4.07e-04  time=246.8min
Epoch  5650/10000 | loss=2.5850e+01  res=2.4272e+01  d0=2.1686e-03  d1=5.3611e-04  neu=2.2485e-02  w_res=1.000  lr=3.99e-04  time=249.0min
Epoch  5700/10000 | loss=2.3825e+01  res=2.3052e+01  d0=6.1673e-04  d1=5.1920e-04  neu=2.0505e-02  w_res=1.000  lr=3.92e-04  time=251.2min
Epoch  5750/10000 | loss=2.0400e+01  res=1.4842e+01  d0=1.0157e-02  d1=5.3218e-04  neu=2.1354e-02  w_res=1.000  lr=3.84e-04  time=253.4min
Epoch  5800/10000 | loss=2.4366e+01  res=7.5580e+00  d0=3.2514e-02  d1=7.1905e-04  neu=1.9139e-02  w_res=1.000  lr=3.76e-04  time=255.6min
Epoch  5850/10000 | loss=1.5177e+01  res=7.0292e+00  d0=1.4894e-02  d1=1.0051e-03  neu=1.9841e-02  w_res=1.000  lr=3.69e-04  time=257.8min
Epoch  5900/10000 | loss=1.6403e+01  res=1.4113e+01  d0=3.4064e-03  d1=7.8160e-04  neu=1.9628e-02  w_res=1.000  lr=3.61e-04  time=260.0min
Epoch  5950/10000 | loss=2.7162e+01  res=2.6010e+01  d0=1.0842e-03  d1=8.0501e-04  neu=2.0727e-02  w_res=1.000  lr=3.54e-04  time=262.2min
Epoch  6000/10000 | loss=1.7997e+01  res=1.7190e+01  d0=5.2460e-04  d1=6.6879e-04  neu=2.1054e-02  w_res=1.000  lr=3.46e-04  time=264.4min
Epoch  6050/10000 | loss=1.5016e+01  res=1.4378e+01  d0=3.8989e-04  d1=5.0379e-04  neu=1.9123e-02  w_res=1.000  lr=3.39e-04  time=266.6min
Epoch  6100/10000 | loss=1.4858e+01  res=1.4219e+01  d0=3.6518e-04  d1=5.1143e-04  neu=2.0135e-02  w_res=1.000  lr=3.31e-04  time=268.9min
Epoch  6150/10000 | loss=1.2834e+01  res=1.2243e+01  d0=3.2539e-04  d1=4.7640e-04  neu=1.8959e-02  w_res=1.000  lr=3.24e-04  time=271.1min
Epoch  6200/10000 | loss=1.1932e+01  res=1.1309e+01  d0=3.4586e-04  d1=4.9660e-04  neu=2.0225e-02  w_res=1.000  lr=3.17e-04  time=273.3min
Epoch  6250/10000 | loss=1.0941e+01  res=1.0016e+01  d0=9.9139e-04  d1=4.9074e-04  neu=1.8437e-02  w_res=1.000  lr=3.09e-04  time=275.5min
Epoch  6300/10000 | loss=1.1104e+01  res=1.0008e+01  d0=8.1560e-04  d1=1.0115e-03  neu=1.8234e-02  w_res=1.000  lr=3.02e-04  time=277.6min
Epoch  6350/10000 | loss=1.1434e+01  res=1.0102e+01  d0=6.6918e-04  d1=1.6108e-03  neu=1.9145e-02  w_res=1.000  lr=2.95e-04  time=279.9min
Epoch  6400/10000 | loss=1.4512e+01  res=1.2597e+01  d0=6.2327e-04  d1=2.8396e-03  neu=1.8377e-02  w_res=1.000  lr=2.88e-04  time=282.1min
Epoch  6450/10000 | loss=1.8807e+01  res=1.7906e+01  d0=8.3593e-04  d1=6.0656e-04  neu=1.8017e-02  w_res=1.000  lr=2.81e-04  time=284.3min
Epoch  6500/10000 | loss=1.6055e+01  res=1.5490e+01  d0=3.1548e-04  d1=4.6214e-04  neu=1.7629e-02  w_res=1.000  lr=2.74e-04  time=286.5min
Epoch  6550/10000 | loss=1.4659e+01  res=1.4041e+01  d0=3.4535e-04  d1=5.2562e-04  neu=1.8286e-02  w_res=1.000  lr=2.67e-04  time=288.7min
Epoch  6600/10000 | loss=1.2698e+01  res=1.2112e+01  d0=3.3274e-04  d1=4.9144e-04  neu=1.7385e-02  w_res=1.000  lr=2.60e-04  time=290.9min
Epoch  6650/10000 | loss=1.2034e+01  res=1.0736e+01  d0=1.7322e-03  d1=5.0708e-04  neu=1.7860e-02  w_res=1.000  lr=2.53e-04  time=293.1min
Epoch  6700/10000 | loss=1.0005e+01  res=5.4424e+00  d0=8.2684e-03  d1=5.0283e-04  neu=1.7710e-02  w_res=1.000  lr=2.46e-04  time=295.3min
Epoch  6750/10000 | loss=9.6525e+00  res=5.2636e+00  d0=7.8691e-03  d1=5.5844e-04  neu=1.7509e-02  w_res=1.000  lr=2.40e-04  time=297.5min
Epoch  6800/10000 | loss=6.4176e+00  res=4.2067e+00  d0=3.5446e-03  d1=5.3495e-04  neu=1.7111e-02  w_res=1.000  lr=2.33e-04  time=299.7min
Epoch  6850/10000 | loss=1.3835e+01  res=1.3053e+01  d0=6.8393e-04  d1=5.3514e-04  neu=1.7264e-02  w_res=1.000  lr=2.26e-04  time=301.9min
Epoch  6900/10000 | loss=8.9426e+00  res=8.3093e+00  d0=4.6557e-04  d1=4.3276e-04  neu=1.8411e-02  w_res=1.000  lr=2.20e-04  time=304.1min
Epoch  6950/10000 | loss=7.6800e+00  res=7.1168e+00  d0=3.2903e-04  d1=4.5367e-04  neu=1.7182e-02  w_res=1.000  lr=2.13e-04  time=306.3min
Epoch  7000/10000 | loss=7.1499e+00  res=6.5956e+00  d0=3.0180e-04  d1=4.4288e-04  neu=1.8193e-02  w_res=1.000  lr=2.07e-04  time=308.5min
Epoch  7050/10000 | loss=6.9567e+00  res=6.4136e+00  d0=3.2263e-04  d1=4.3293e-04  neu=1.6533e-02  w_res=1.000  lr=2.01e-04  time=310.7min
Epoch  7100/10000 | loss=6.5888e+00  res=5.9202e+00  d0=5.2149e-04  d1=4.7417e-04  neu=1.7075e-02  w_res=1.000  lr=1.94e-04  time=312.9min
Epoch  7150/10000 | loss=9.0130e+00  res=8.3824e+00  d0=2.3533e-04  d1=6.9736e-04  neu=1.6429e-02  w_res=1.000  lr=1.88e-04  time=315.1min
Epoch  7200/10000 | loss=9.6088e+00  res=9.0178e+00  d0=4.4157e-04  d1=4.2071e-04  neu=1.5993e-02  w_res=1.000  lr=1.82e-04  time=317.3min
Epoch  7250/10000 | loss=8.9628e+00  res=8.3711e+00  d0=4.4111e-04  d1=4.1284e-04  neu=1.6472e-02  w_res=1.000  lr=1.76e-04  time=319.5min
Epoch  7300/10000 | loss=7.3997e+00  res=6.8431e+00  d0=3.7636e-04  d1=4.2032e-04  neu=1.5823e-02  w_res=1.000  lr=1.70e-04  time=321.7min
Epoch  7350/10000 | loss=7.9984e+00  res=7.3814e+00  d0=4.9923e-04  d1=4.0935e-04  neu=1.6266e-02  w_res=1.000  lr=1.64e-04  time=323.9min
Epoch  7400/10000 | loss=6.6509e+00  res=6.0804e+00  d0=4.1234e-04  d1=4.1578e-04  neu=1.5642e-02  w_res=1.000  lr=1.59e-04  time=326.1min
Epoch  7450/10000 | loss=6.6687e+00  res=6.0463e+00  d0=5.2291e-04  d1=4.0086e-04  neu=1.6044e-02  w_res=1.000  lr=1.53e-04  time=328.3min
Epoch  7500/10000 | loss=6.2890e+00  res=5.6763e+00  d0=5.0883e-04  d1=4.0731e-04  neu=1.5462e-02  w_res=1.000  lr=1.47e-04  time=330.5min
Epoch  7550/10000 | loss=6.0834e+00  res=5.4327e+00  d0=5.8668e-04  d1=3.9320e-04  neu=1.6073e-02  w_res=1.000  lr=1.42e-04  time=332.7min
Epoch  7600/10000 | loss=5.8169e+00  res=5.2114e+00  d0=5.1739e-04  d1=3.8853e-04  neu=1.5252e-02  w_res=1.000  lr=1.36e-04  time=334.9min
Epoch  7650/10000 | loss=5.6113e+00  res=4.9923e+00  d0=5.2462e-04  d1=3.8837e-04  neu=1.6249e-02  w_res=1.000  lr=1.31e-04  time=337.1min
Epoch  7700/10000 | loss=5.3816e+00  res=4.9200e+00  d0=2.3658e-04  d1=3.7775e-04  neu=1.5441e-02  w_res=1.000  lr=1.26e-04  time=339.4min
Epoch  7750/10000 | loss=5.8869e+00  res=5.2554e+00  d0=2.5475e-04  d1=6.0962e-04  neu=1.9929e-02  w_res=1.000  lr=1.21e-04  time=341.6min
Epoch  7800/10000 | loss=5.1896e+00  res=4.6863e+00  d0=1.9571e-04  d1=4.7158e-04  neu=1.6970e-02  w_res=1.000  lr=1.16e-04  time=343.8min
Epoch  7850/10000 | loss=4.5936e+00  res=4.1054e+00  d0=2.1661e-04  d1=4.4303e-04  neu=1.5840e-02  w_res=1.000  lr=1.11e-04  time=346.0min
Epoch  7900/10000 | loss=4.9093e+00  res=4.4167e+00  d0=3.0886e-04  d1=3.8023e-04  neu=1.4800e-02  w_res=1.000  lr=1.06e-04  time=348.2min
Epoch  7950/10000 | loss=4.4209e+00  res=3.9793e+00  d0=1.9444e-04  d1=3.8455e-04  neu=1.5213e-02  w_res=1.000  lr=1.01e-04  time=350.4min
Epoch  8000/10000 | loss=4.2076e+00  res=3.7378e+00  d0=2.7719e-04  d1=3.7102e-04  neu=1.4568e-02  w_res=1.000  lr=9.64e-05  time=352.6min
Epoch  8050/10000 | loss=4.0763e+00  res=3.6245e+00  d0=2.2486e-04  d1=3.8441e-04  neu=1.4715e-02  w_res=1.000  lr=9.18e-05  time=354.8min
Epoch  8100/10000 | loss=3.9643e+00  res=3.5087e+00  d0=2.0424e-04  d1=4.1544e-04  neu=1.4573e-02  w_res=1.000  lr=8.74e-05  time=357.0min
Epoch  8150/10000 | loss=4.0014e+00  res=3.4277e+00  d0=1.8874e-04  d1=6.7296e-04  neu=1.4282e-02  w_res=1.000  lr=8.30e-05  time=359.2min
Epoch  8200/10000 | loss=4.0276e+00  res=3.5195e+00  d0=1.9139e-04  d1=5.3610e-04  neu=1.4440e-02  w_res=1.000  lr=7.88e-05  time=361.4min
Epoch  8250/10000 | loss=3.9202e+00  res=3.4542e+00  d0=1.8399e-04  d1=4.6207e-04  neu=1.4305e-02  w_res=1.000  lr=7.46e-05  time=363.6min
Epoch  8300/10000 | loss=4.2423e+00  res=3.7443e+00  d0=3.6036e-04  d1=3.5364e-04  neu=1.4106e-02  w_res=1.000  lr=7.06e-05  time=365.8min
Epoch  8350/10000 | loss=3.8264e+00  res=3.3599e+00  d0=3.0076e-04  d1=3.5132e-04  neu=1.4038e-02  w_res=1.000  lr=6.66e-05  time=368.0min
Epoch  8400/10000 | loss=3.6964e+00  res=3.2888e+00  d0=1.7595e-04  d1=3.5648e-04  neu=1.4131e-02  w_res=1.000  lr=6.28e-05  time=370.2min
Epoch  8450/10000 | loss=3.5930e+00  res=3.1873e+00  d0=1.8464e-04  d1=3.4978e-04  neu=1.3854e-02  w_res=1.000  lr=5.91e-05  time=372.4min
Epoch  8500/10000 | loss=3.5228e+00  res=3.1121e+00  d0=1.8459e-04  d1=3.5717e-04  neu=1.3982e-02  w_res=1.000  lr=5.54e-05  time=374.6min
Epoch  8550/10000 | loss=3.4683e+00  res=3.0635e+00  d0=1.7896e-04  d1=3.5559e-04  neu=1.3753e-02  w_res=1.000  lr=5.19e-05  time=376.8min
Epoch  8600/10000 | loss=3.3546e+00  res=2.9506e+00  d0=1.7774e-04  d1=3.5514e-04  neu=1.3756e-02  w_res=1.000  lr=4.85e-05  time=379.0min
Epoch  8650/10000 | loss=3.3260e+00  res=2.9272e+00  d0=1.7278e-04  d1=3.5275e-04  neu=1.3606e-02  w_res=1.000  lr=4.53e-05  time=381.2min
Epoch  8700/10000 | loss=3.2567e+00  res=2.8592e+00  d0=1.7122e-04  d1=3.5112e-04  neu=1.3637e-02  w_res=1.000  lr=4.21e-05  time=383.4min
Epoch  8750/10000 | loss=3.2100e+00  res=2.8214e+00  d0=1.6739e-04  d1=3.4216e-04  neu=1.3386e-02  w_res=1.000  lr=3.90e-05  time=385.6min
Epoch  8800/10000 | loss=3.1652e+00  res=2.7767e+00  d0=1.6602e-04  d1=3.3989e-04  neu=1.3551e-02  w_res=1.000  lr=3.61e-05  time=387.9min
Epoch  8850/10000 | loss=3.1437e+00  res=2.7634e+00  d0=1.6343e-04  d1=3.3432e-04  neu=1.3151e-02  w_res=1.000  lr=3.32e-05  time=390.1min
Epoch  8900/10000 | loss=3.0930e+00  res=2.7111e+00  d0=1.6337e-04  d1=3.3077e-04  neu=1.3482e-02  w_res=1.000  lr=3.05e-05  time=392.3min
Epoch  8950/10000 | loss=3.0186e+00  res=2.6418e+00  d0=1.6461e-04  d1=3.2896e-04  neu=1.3010e-02  w_res=1.000  lr=2.79e-05  time=394.5min
Epoch  9000/10000 | loss=3.0564e+00  res=2.6475e+00  d0=2.3242e-04  d1=3.2730e-04  neu=1.2904e-02  w_res=1.000  lr=2.54e-05  time=396.7min
Epoch  9050/10000 | loss=2.9943e+00  res=2.6090e+00  d0=1.8590e-04  d1=3.2476e-04  neu=1.2996e-02  w_res=1.000  lr=2.31e-05  time=398.9min
Epoch  9100/10000 | loss=2.9388e+00  res=2.5588e+00  d0=1.7999e-04  d1=3.2236e-04  neu=1.2883e-02  w_res=1.000  lr=2.08e-05  time=401.1min
Epoch  9150/10000 | loss=2.9349e+00  res=2.5490e+00  d0=1.9241e-04  d1=3.2183e-04  neu=1.2879e-02  w_res=1.000  lr=1.87e-05  time=403.3min
Epoch  9200/10000 | loss=2.9015e+00  res=2.5160e+00  d0=1.9671e-04  d1=3.1941e-04  neu=1.2750e-02  w_res=1.000  lr=1.67e-05  time=405.5min
Epoch  9250/10000 | loss=2.8788e+00  res=2.5012e+00  d0=1.8098e-04  d1=3.1887e-04  neu=1.2763e-02  w_res=1.000  lr=1.48e-05  time=407.7min
Epoch  9300/10000 | loss=2.8565e+00  res=2.4833e+00  d0=1.7758e-04  d1=3.1658e-04  neu=1.2608e-02  w_res=1.000  lr=1.30e-05  time=409.9min
Epoch  9350/10000 | loss=2.8350e+00  res=2.4685e+00  d0=1.6606e-04  d1=3.1508e-04  neu=1.2591e-02  w_res=1.000  lr=1.14e-05  time=412.1min
Epoch  9400/10000 | loss=2.8125e+00  res=2.4500e+00  d0=1.6298e-04  d1=3.1282e-04  neu=1.2457e-02  w_res=1.000  lr=9.85e-06  time=414.3min
Epoch  9450/10000 | loss=2.7913e+00  res=2.4334e+00  d0=1.5689e-04  d1=3.1090e-04  neu=1.2398e-02  w_res=1.000  lr=8.44e-06  time=416.5min
Epoch  9500/10000 | loss=2.7683e+00  res=2.4134e+00  d0=1.5518e-04  d1=3.0890e-04  neu=1.2288e-02  w_res=1.000  lr=7.15e-06  time=418.7min
Epoch  9550/10000 | loss=2.7510e+00  res=2.3984e+00  d0=1.5503e-04  d1=3.0645e-04  neu=1.2179e-02  w_res=1.000  lr=5.98e-06  time=420.9min
Epoch  9600/10000 | loss=2.7360e+00  res=2.3872e+00  d0=1.4891e-04  d1=3.0557e-04  neu=1.2152e-02  w_res=1.000  lr=4.94e-06  time=423.1min
Epoch  9650/10000 | loss=2.7199e+00  res=2.3734e+00  d0=1.4810e-04  d1=3.0339e-04  neu=1.2076e-02  w_res=1.000  lr=4.02e-06  time=425.3min
Epoch  9700/10000 | loss=2.7066e+00  res=2.3613e+00  d0=1.4745e-04  d1=3.0268e-04  neu=1.2029e-02  w_res=1.000  lr=3.22e-06  time=427.5min
Epoch  9750/10000 | loss=2.6926e+00  res=2.3491e+00  d0=1.4681e-04  d1=3.0090e-04  neu=1.1964e-02  w_res=1.000  lr=2.54e-06  time=429.7min
Epoch  9800/10000 | loss=2.6792e+00  res=2.3371e+00  d0=1.4609e-04  d1=2.9988e-04  neu=1.1908e-02  w_res=1.000  lr=1.99e-06  time=431.9min
Epoch  9850/10000 | loss=2.6654e+00  res=2.3251e+00  d0=1.4541e-04  d1=2.9827e-04  neu=1.1846e-02  w_res=1.000  lr=1.55e-06  time=434.1min
Epoch  9900/10000 | loss=2.6518e+00  res=2.3130e+00  d0=1.4471e-04  d1=2.9710e-04  neu=1.1788e-02  w_res=1.000  lr=1.25e-06  time=436.3min
Epoch  9950/10000 | loss=2.6378e+00  res=2.3008e+00  d0=1.4396e-04  d1=2.9556e-04  neu=1.1728e-02  w_res=1.000  lr=1.06e-06  time=438.5min
Epoch 10000/10000 | loss=2.6235e+00  res=2.2881e+00  d0=1.4327e-04  d1=2.9424e-04  neu=1.1667e-02  w_res=1.000  lr=1.00e-06  time=440.7min

Best physics loss: 2.6235e+00

============================================================
 Evaluation vs COMSOL (at raw 4300 mesh points)
============================================================

Loaded best checkpoint.

    v0    rel-L2 (%)
----------------------
   0.0        0.5722
   0.5        0.5994
   1.0        0.4419
   1.5        0.4306
   2.0        0.4813
   2.5        0.4743
   3.0        0.3912
   3.5        0.3078
   4.0        0.2661
   4.5        0.2592
   5.0        0.2773
   5.5        0.3038
   6.0        0.3185
   6.5        0.3124
   7.0        0.2884
   7.5        0.2550
   8.0        0.2214
   8.5        0.1936
   9.0        0.1736
   9.5        0.1606
  10.0        0.1535
  10.5        0.1515
  11.0        0.1541
  11.5        0.1597
  12.0        0.1665
  12.5        0.1721
  13.0        0.1748
  13.5        0.1737
  14.0        0.1684
  14.5        0.1596
  15.0        0.1483
  15.5        0.1359
  16.0        0.1239
  16.5        0.1138
  17.0        0.1061
  17.5        0.1010
  18.0        0.0981
  18.5        0.0978
  19.0        0.1021
  19.5        0.1148
  20.0        0.1400

Mean rel-L2: 0.2352%  Max: 0.5994%
  Saved -> /home/aditya/dev/btp/output_v0_run2/training_history.png
  Saved -> /home/aditya/dev/btp/output_v0_run2/error_vs_v0.png
  Saved -> /home/aditya/dev/btp/output_v0_run2/comparison_v0_0.0.png
  Saved -> /home/aditya/dev/btp/output_v0_run2/comparison_v0_5.0.png
  Saved -> /home/aditya/dev/btp/output_v0_run2/comparison_v0_10.0.png
  Saved -> /home/aditya/dev/btp/output_v0_run2/comparison_v0_15.0.png
  Saved -> /home/aditya/dev/btp/output_v0_run2/comparison_v0_20.0.png

All outputs saved to /home/aditya/dev/btp/output_v0_run2/
Done.
